<?xml version="1.0" encoding="UTF-8"?>
<testsuites name="jest tests" tests="2" failures="0" errors="0" time="1.234">
  <testsuite name="Sample Unit Test" tests="1" failures="0" errors="0" skipped="0" timestamp="2024-05-13T12:00:00" time="0.5">
    <testcase classname="Sample Unit Test" name="should pass a simple test" time="0.123">
    </testcase>
  </testsuite>
  <testsuite name="Sample Integration Test" tests="1" failures="0" errors="0" skipped="0" timestamp="2024-05-13T12:00:00" time="0.7">
    <testcase classname="Sample Integration Test" name="should pass a simple integration test" time="0.234">
    </testcase>
  </testsuite>
</testsuites>